5012
24994 0
24994 24989
7 24989
7 3
24991 3
24991 24987
14 24987
14 14
24980 14
24980 24973
17 24973
17 22
24971 22
24971 24972
25 24972
25 23
24970 23
24970 24970
27 24970
27 25
24965 25
24965 24962
28 24962
28 27
24963 27
24963 24957
33 24957
33 28
24962 28
24962 24943
36 24943
36 31
24945 31
24945 24940
39 24940
39 32
24932 32
24932 24936
41 24936
41 35
24928 35
24928 24929
44 24929
44 36
24925 36
24925 24925
53 24925
53 48
24917 48
24917 24921
55 24921
55 52
24915 52
24915 24919
56 24919
56 54
24910 54
24910 24917
59 24917
59 56
24906 56
24906 24903
69 24903
69 70
24895 70
24895 24899
72 24899
72 71
24884 71
24884 24896
73 24896
73 88
24871 88
24871 24886
75 24886
75 97
24870 97
24870 24883
77 24883
77 102
24864 102
24864 24878
79 24878
79 104
24860 104
24860 24874
80 24874
80 105
24855 105
24855 24873
84 24873
84 109
24840 109
24840 24867
86 24867
86 115
24833 115
24833 24863
92 24863
92 118
24832 118
24832 24857
99 24857
99 123
24831 123
24831 24845
100 24845
100 125
24823 125
24823 24841
105 24841
105 127
24821 127
24821 24840
108 24840
108 129
24809 129
24809 24839
110 24839
110 132
24807 132
24807 24832
114 24832
114 134
24795 134
24795 24826
116 24826
116 140
24793 140
24793 24819
118 24819
118 148
24792 148
24792 24818
125 24818
125 150
24790 150
24790 24814
131 24814
131 151
24787 151
24787 24809
134 24809
134 152
24785 152
24785 24808
135 24808
135 156
24784 156
24784 24807
138 24807
138 175
24781 175
24781 24804
141 24804
141 180
24779 180
24779 24800
146 24800
146 183
24773 183
24773 24798
150 24798
150 185
24770 185
24770 24796
154 24796
154 193
24756 193
24756 24788
163 24788
163 198
24752 198
24752 24787
165 24787
165 222
24743 222
24743 24786
174 24786
174 224
24741 224
24741 24780
177 24780
177 236
24733 236
24733 24774
180 24774
180 243
24722 243
24722 24771
182 24771
182 245
24721 245
24721 24770
188 24770
188 246
24709 246
24709 24768
189 24768
189 253
24701 253
24701 24766
197 24766
197 254
24700 254
24700 24761
198 24761
198 255
24686 255
24686 24760
200 24760
200 257
24682 257
24682 24754
207 24754
207 261
24675 261
24675 24747
208 24747
208 266
24670 266
24670 24737
210 24737
210 267
24665 267
24665 24736
211 24736
211 269
24663 269
24663 24729
219 24729
219 271
24660 271
24660 24722
221 24722
221 273
24658 273
24658 24713
226 24713
226 281
24652 281
24652 24706
231 24706
231 282
24649 282
24649 24699
234 24699
234 298
24644 298
24644 24691
237 24691
237 299
24639 299
24639 24686
246 24686
246 313
24632 313
24632 24684
250 24684
250 321
24630 321
24630 24683
252 24683
252 325
24604 325
24604 24682
258 24682
258 333
24603 333
24603 24673
261 24673
261 334
24591 334
24591 24670
263 24670
263 340
24588 340
24588 24666
264 24666
264 347
24587 347
24587 24662
272 24662
272 350
24585 350
24585 24660
285 24660
285 354
24573 354
24573 24657
294 24657
294 368
24563 368
24563 24654
299 24654
299 384
24558 384
24558 24651
302 24651
302 391
24551 391
24551 24650
312 24650
312 407
24541 407
24541 24624
313 24624
313 408
24539 408
24539 24623
314 24623
314 409
24535 409
24535 24616
315 24616
315 411
24528 411
24528 24612
318 24612
318 412
24525 412
24525 24609
322 24609
322 419
24520 419
24520 24607
341 24607
341 421
24517 421
24517 24603
344 24603
344 426
24516 426
24516 24592
347 24592
347 427
24514 427
24514 24590
353 24590
353 434
24494 434
24494 24589
356 24589
356 437
24489 437
24489 24588
360 24588
360 438
24485 438
24485 24575
363 24575
363 439
24484 439
24484 24573
374 24573
374 444
24481 444
24481 24572
376 24572
376 450
24473 450
24473 24569
379 24569
379 453
24470 453
24470 24565
386 24565
386 455
24467 455
24467 24564
391 24564
391 460
24458 460
24458 24563
393 24563
393 465
24452 465
24452 24544
403 24544
403 468
24451 468
24451 24541
419 24541
419 471
24444 471
24444 24522
425 24522
425 476
24441 476
24441 24517
433 24517
433 477
24438 477
24438 24514
436 24514
436 481
24437 481
24437 24512
441 24512
441 488
24435 488
24435 24509
452 24509
452 489
24434 489
24434 24505
458 24505
458 492
24426 492
24426 24503
463 24503
463 493
24417 493
24417 24502
465 24502
465 496
24416 496
24416 24499
467 24499
467 499
24412 499
24412 24494
471 24494
471 505
24410 505
24410 24478
476 24478
476 517
24404 517
24404 24472
484 24472
484 529
24396 529
24396 24471
496 24471
496 539
24395 539
24395 24467
497 24467
497 540
24391 540
24391 24464
506 24464
506 543
24382 543
24382 24460
511 24460
511 554
24381 554
24381 24454
515 24454
515 561
24374 561
24374 24448
532 24448
532 563
24373 563
24373 24444
542 24444
542 567
24356 567
24356 24441
553 24441
553 572
24349 572
24349 24437
565 24437
565 579
24346 579
24346 24434
570 24434
570 580
24342 580
24342 24430
576 24430
576 584
24341 584
24341 24426
579 24426
579 594
24334 594
24334 24424
606 24424
606 607
24326 607
24326 24421
608 24421
608 608
24322 608
24322 24418
609 24418
609 611
24319 611
24319 24412
612 24412
612 616
24317 616
24317 24404
617 24404
617 618
24313 618
24313 24402
622 24402
622 628
24302 628
24302 24401
626 24401
626 629
24301 629
24301 24391
627 24391
627 632
24290 632
24290 24388
631 24388
631 634
24277 634
24277 24385
632 24385
632 638
24269 638
24269 24383
633 24383
633 644
24259 644
24259 24377
635 24377
635 653
24254 653
24254 24371
639 24371
639 654
24251 654
24251 24369
643 24369
643 655
24234 655
24234 24368
654 24368
654 671
24230 671
24230 24365
659 24365
659 672
24229 672
24229 24362
661 24362
661 686
24227 686
24227 24352
664 24352
664 700
24225 700
24225 24337
666 24337
666 702
24217 702
24217 24322
668 24322
668 704
24216 704
24216 24317
681 24317
681 708
24214 708
24214 24300
699 24300
699 712
24211 712
24211 24295
701 24295
701 714
24206 714
24206 24278
702 24278
702 718
24204 718
24204 24271
710 24271
710 723
24200 723
24200 24254
713 24254
713 727
24187 727
24187 24249
716 24249
716 728
24180 728
24180 24245
717 24245
717 729
24175 729
24175 24238
719 24238
719 731
24173 731
24173 24237
722 24237
722 739
24171 739
24171 24229
735 24229
735 751
24169 751
24169 24228
739 24228
739 761
24157 761
24157 24225
743 24225
743 763
24151 763
24151 24224
747 24224
747 766
24141 766
24141 24223
748 24223
748 768
24129 768
24129 24209
752 24209
752 769
24125 769
24125 24206
759 24206
759 773
24122 773
24122 24202
766 24202
766 779
24114 779
24114 24196
775 24196
775 780
24110 780
24110 24185
779 24185
779 782
24106 782
24106 24182
783 24182
783 784
24104 784
24104 24175
785 24175
785 790
24099 790
24099 24174
786 24174
786 791
24096 791
24096 24169
793 24169
793 792
24088 792
24088 24158
799 24158
799 794
24083 794
24083 24152
808 24152
808 802
24080 802
24080 24148
810 24148
810 803
24067 803
24067 24146
811 24146
811 804
24055 804
24055 24144
814 24144
814 806
24050 806
24050 24141
816 24141
816 813
24041 813
24041 24137
826 24137
826 815
24040 815
24040 24136
829 24136
829 820
24039 820
24039 24133
831 24133
831 823
24033 823
24033 24129
841 24129
841 828
24032 828
24032 24119
847 24119
847 830
24029 830
24029 24114
863 24114
863 833
24026 833
24026 24113
865 24113
865 834
24018 834
24018 24111
866 24111
866 847
24008 847
24008 24104
868 24104
868 852
24007 852
24007 24096
869 24096
869 856
24006 856
24006 24090
882 24090
882 860
23998 860
23998 24086
894 24086
894 863
23994 863
23994 24071
900 24071
900 868
23989 868
23989 24066
908 24066
908 874
23988 874
23988 24065
918 24065
918 884
23987 884
23987 24063
919 24063
919 889
23983 889
23983 24054
921 24054
921 891
23981 891
23981 24051
923 24051
923 893
23979 893
23979 24049
929 24049
929 895
23977 895
23977 24042
931 24042
931 899
23974 899
23974 24041
933 24041
933 900
23960 900
23960 24040
934 24040
934 903
23949 903
23949 24039
936 24039
936 908
23938 908
23938 24014
938 24014
938 914
23927 914
23927 24013
939 24013
939 922
23917 922
23917 24004
944 24004
944 926
23916 926
23916 24001
956 24001
956 927
23903 927
23903 23997
957 23997
957 935
23900 935
23900 23995
967 23995
967 939
23898 939
23898 23991
970 23991
970 943
23896 943
23896 23990
974 23990
974 944
23895 944
23895 23972
977 23972
977 949
23892 949
23892 23968
982 23968
982 952
23882 952
23882 23967
983 23967
983 960
23881 960
23881 23966
989 23966
989 965
23880 965
23880 23964
991 23964
991 971
23878 971
23878 23962
992 23962
992 987
23873 987
23873 23961
993 23961
993 1005
23867 1005
23867 23959
998 23959
998 1009
23859 1009
23859 23951
1002 23951
1002 1015
23855 1015
23855 23948
1013 23948
1013 1023
23851 1023
23851 23943
1024 23943
1024 1026
23847 1026
23847 23935
1028 23935
1028 1027
23843 1027
23843 23933
1031 23933
1031 1030
23836 1030
23836 23931
1038 23931
1038 1033
23829 1033
23829 23917
1043 23917
1043 1037
23824 1037
23824 23910
1048 23910
1048 1038
23823 1038
23823 23897
1075 23897
1075 1040
23819 1040
23819 23884
1079 23884
1079 1047
23817 1047
23817 23880
1081 23880
1081 1051
23814 1051
23814 23867
1086 23867
1086 1061
23807 1061
23807 23854
1095 23854
1095 1066
23805 1066
23805 23851
1097 23851
1097 1070
23801 1070
23801 23850
1107 23850
1107 1073
23794 1073
23794 23843
1109 23843
1109 1074
23792 1074
23792 23832
1112 23832
1112 1080
23787 1080
23787 23830
1116 23830
1116 1082
23777 1082
23777 23826
1126 23826
1126 1088
23774 1088
23774 23820
1139 23820
1139 1100
23770 1100
23770 23819
1142 23819
1142 1103
23768 1103
23768 23816
1148 23816
1148 1115
23767 1115
23767 23808
1150 23808
1150 1118
23755 1118
23755 23804
1153 23804
1153 1121
23751 1121
23751 23794
1167 23794
1167 1129
23738 1129
23738 23781
1169 23781
1169 1134
23727 1134
23727 23779
1170 23779
1170 1135
23718 1135
23718 23776
1184 23776
1184 1136
23717 1136
23717 23774
1188 23774
1188 1144
23715 1144
23715 23773
1194 23773
1194 1150
23713 1150
23713 23760
1202 23760
1202 1152
23712 1152
23712 23758
1204 23758
1204 1154
23710 1154
23710 23756
1208 23756
1208 1155
23709 1155
23709 23754
1216 23754
1216 1156
23708 1156
23708 23743
1222 23743
1222 1162
23707 1162
23707 23737
1223 23737
1223 1165
23702 1165
23702 23724
1235 23724
1235 1169
23697 1169
23697 23720
1236 23720
1236 1179
23669 1179
23669 23715
1250 23715
1250 1190
23668 1190
23668 23713
1257 23713
1257 1192
23667 1192
23667 23706
1258 23706
1258 1193
23660 1193
23660 23701
1273 23701
1273 1194
23653 1194
23653 23697
1275 23697
1275 1202
23647 1202
23647 23696
1284 23696
1284 1209
23635 1209
23635 23691
1292 23691
1292 1211
23632 1211
23632 23672
1296 23672
1296 1220
23628 1220
23628 23667
1301 23667
1301 1223
23616 1223
23616 23665
1302 23665
1302 1233
23607 1233
23607 23649
1307 23649
1307 1235
23606 1235
23606 23642
1308 23642
1308 1241
23605 1241
23605 23635
1314 23635
1314 1249
23603 1249
23603 23632
1326 23632
1326 1252
23600 1252
23600 23621
1332 23621
1332 1254
23593 1254
23593 23611
1334 23611
1334 1259
23583 1259
23583 23608
1343 23608
1343 1266
23580 1266
23580 23607
1345 23607
1345 1270
23579 1270
23579 23589
1347 23589
1347 1271
23572 1271
23572 23585
1351 23585
1351 1273
23562 1273
23562 23573
1355 23573
1355 1275
23559 1275
23559 23572
1359 23572
1359 1276
23556 1276
23556 23568
1368 23568
1368 1279
23545 1279
23545 23566
1374 23566
1374 1283
23543 1283
23543 23559
1376 23559
1376 1285
23529 1285
23529 23558
1378 23558
1378 1288
23497 1288
23497 23556
1379 23556
1379 1290
23493 1290
23493 23551
1381 23551
1381 1313
23491 1313
23491 23549
1392 23549
1392 1320
23485 1320
23485 23523
1393 23523
1393 1326
23484 1326
23484 23513
1397 23513
1397 1329
23463 1329
23463 23509
1413 23509
1413 1332
23457 1332
23457 23504
1418 23504
1418 1337
23455 1337
23455 23502
1425 23502
1425 1339
23451 1339
23451 23501
1427 23501
1427 1342
23446 1342
23446 23498
1429 23498
1429 1344
23442 1344
23442 23495
1437 23495
1437 1347
23434 1347
23434 23484
1453 23484
1453 1384
23430 1384
23430 23473
1455 23473
1455 1385
23425 1385
23425 23460
1466 23460
1466 1388
23419 1388
23419 23446
1467 23446
1467 1390
23411 1390
23411 23442
1469 23442
1469 1392
23406 1392
23406 23422
1476 23422
1476 1399
23404 1399
23404 23407
1480 23407
1480 1400
23403 1400
23403 23395
1484 23395
1484 1407
23399 1407
23399 23394
1494 23394
1494 1408
23398 1408
23398 23391
1499 23391
1499 1417
23396 1417
23396 23382
1500 23382
1500 1420
23386 1420
23386 23376
1502 23376
1502 1426
23382 1426
23382 23373
1510 23373
1510 1433
23379 1433
23379 23368
1512 23368
1512 1441
23378 1441
23378 23360
1518 23360
1518 1442
23370 1442
23370 23359
1519 23359
1519 1443
23357 1443
23357 23357
1530 23357
1530 1456
23356 1456
23356 23341
1556 23341
1556 1460
23355 1460
23355 23333
1557 23333
1557 1465
23352 1465
23352 23326
1558 23326
1558 1474
23349 1474
23349 23317
1563 23317
1563 1481
23336 1481
23336 23315
1575 23315
1575 1486
23325 1486
23325 23307
1582 23307
1582 1491
23322 1491
23322 23296
1600 23296
1600 1492
23321 1492
23321 23294
1608 23294
1608 1500
23314 1500
23314 23292
1609 23292
1609 1502
23313 1502
23313 23277
1612 23277
1612 1504
23312 1504
23312 23275
1613 23275
1613 1507
23274 1507
23274 23263
1614 23263
1614 1512
23273 1512
23273 23261
1627 23261
1627 1520
23263 1520
23263 23250
1632 23250
1632 1523
23246 1523
23246 23247
1633 23247
1633 1524
23234 1524
23234 23244
1643 23244
1643 1528
23233 1528
23233 23229
1652 23229
1652 1529
23229 1529
23229 23219
1654 23219
1654 1533
23222 1533
23222 23216
1659 23216
1659 1542
23221 1542
23221 23214
1664 23214
1664 1544
23217 1544
23217 23211
1669 23211
1669 1545
23216 1545
23216 23204
1670 23204
1670 1550
23213 1550
23213 23201
1682 23201
1682 1558
23211 1558
23211 23197
1683 23197
1683 1559
23210 1559
23210 23189
1685 23189
1685 1560
23208 1560
23208 23182
1688 23182
1688 1564
23190 1564
23190 23179
1690 23179
1690 1567
23182 1567
23182 23173
1696 23173
1696 1571
23176 1571
23176 23169
1697 23169
1697 1593
23175 1593
23175 23166
1701 23166
1701 1599
23171 1599
23171 23145
1704 23145
1704 1601
23168 1601
23168 23136
1707 23136
1707 1608
23162 1608
23162 23130
1719 23130
1719 1618
23154 1618
23154 23123
1729 23123
1729 1619
23150 1619
23150 23106
1732 23106
1732 1628
23145 1628
23145 23102
1734 23102
1734 1635
23144 1635
23144 23098
1736 23098
1736 1646
23141 1646
23141 23096
1737 23096
1737 1648
23139 1648
23139 23095
1738 23095
1738 1649
23124 1649
23124 23094
1751 23094
1751 1654
23113 1654
23113 23085
1765 23085
1765 1658
23100 1658
23100 23081
1769 23081
1769 1676
23092 1676
23092 23079
1778 23079
1778 1681
23086 1681
23086 23078
1782 23078
1782 1688
23082 1688
23082 23077
1785 23077
1785 1693
23064 1693
23064 23074
1791 23074
1791 1699
23063 1699
23063 23059
1792 23059
1792 1702
23060 1702
23060 23051
1795 23051
1795 1706
23059 1706
23059 23046
1798 23046
1798 1720
23050 1720
23050 23045
1806 23045
1806 1723
23040 1723
23040 23044
1815 23044
1815 1724
23039 1724
23039 23043
1817 23043
1817 1726
23037 1726
23037 23040
1819 23040
1819 1735
23029 1735
23029 23036
1828 23036
1828 1744
23026 1744
23026 23034
1833 23034
1833 1748
23020 1748
23020 23024
1839 23024
1839 1754
23019 1754
23019 23023
1861 23023
1861 1757
23017 1757
23017 23022
1864 23022
1864 1765
23013 1765
23013 23019
1865 23019
1865 1766
23010 1766
23010 23012
1871 23012
1871 1768
23009 1768
23009 23010
1873 23010
1873 1783
23004 1783
23004 23006
1880 23006
1880 1786
22980 1786
22980 23002
1893 23002
1893 1796
22978 1796
22978 22993
1894 22993
1894 1803
22972 1803
22972 22989
1896 22989
1896 1805
22971 1805
22971 22983
1901 22983
1901 1814
22967 1814
22967 22980
1902 22980
1902 1827
22965 1827
22965 22978
1917 22978
1917 1831
22960 1831
22960 22969
1928 22969
1928 1834
22956 1834
22956 22958
1933 22958
1933 1837
22940 1837
22940 22955
1934 22955
1934 1838
22912 1838
22912 22954
1938 22954
1938 1839
22905 1839
22905 22952
1944 22952
1944 1843
22886 1843
22886 22950
1949 22950
1949 1852
22885 1852
22885 22945
1964 22945
1964 1854
22876 1854
22876 22944
1966 22944
1966 1856
22875 1856
22875 22936
1970 22936
1970 1857
22869 1857
22869 22935
1972 22935
1972 1860
22867 1860
22867 22920
1983 22920
1983 1861
22865 1861
22865 22916
1988 22916
1988 1868
22855 1868
22855 22908
1999 22908
1999 1869
22852 1869
22852 22906
2004 22906
2004 1874
22851 1874
22851 22905
2007 22905
2007 1887
22848 1887
22848 22891
2020 22891
2020 1890
22844 1890
22844 22886
2022 22886
2022 1901
22832 1901
22832 22875
2034 22875
2034 1903
22831 1903
22831 22864
2037 22864
2037 1904
22827 1904
22827 22847
2039 22847
2039 1906
22825 1906
22825 22837
2057 22837
2057 1907
22812 1907
22812 22834
2061 22834
2061 1911
22804 1911
22804 22829
2062 22829
2062 1916
22796 1916
22796 22825
2077 22825
2077 1919
22795 1919
22795 22823
2081 22823
2081 1920
22793 1920
22793 22819
2087 22819
2087 1929
22791 1929
22791 22815
2105 22815
2105 1935
22772 1935
22772 22812
2108 22812
2108 1941
22761 1941
22761 22811
2123 22811
2123 1942
22760 1942
22760 22801
2138 22801
2138 1943
22753 1943
22753 22793
2140 22793
2140 1944
22743 1944
22743 22784
2148 22784
2148 1950
22734 1950
22734 22753
2151 22753
2151 1961
22731 1961
22731 22751
2157 22751
2157 1979
22719 1979
22719 22735
2164 22735
2164 1981
22716 1981
22716 22726
2166 22726
2166 1988
22715 1988
22715 22716
2170 22716
2170 1989
22704 1989
22704 22687
2176 22687
2176 1993
22685 1993
22685 22684
2210 22684
2210 2001
22679 2001
22679 22676
2217 22676
2217 2006
22677 2006
22677 22668
2222 22668
2222 2008
22667 2008
22667 22658
2223 22658
2223 2018
22666 2018
22666 22657
2226 22657
2226 2019
22619 2019
22619 22656
2231 22656
2231 2034
22614 2034
22614 22652
2233 22652
2233 2046
22599 2046
22599 22649
2249 22649
2249 2047
22592 2047
22592 22645
2252 22645
2252 2049
22586 2049
22586 22626
2253 22626
2253 2057
22568 2057
22568 22617
2265 22617
2265 2065
22565 2065
22565 22614
2271 22614
2271 2075
22562 2075
22562 22612
2273 22612
2273 2076
22561 2076
22561 22587
2279 22587
2279 2078
22560 2078
22560 22584
2295 22584
2295 2082
22556 2082
22556 22577
2306 22577
2306 2090
22540 2090
22540 22563
2307 22563
2307 2101
22536 2101
22536 22560
2314 22560
2314 2111
22524 2111
22524 22557
2318 22557
2318 2112
22518 2112
22518 22548
2319 22548
2319 2120
22511 2120
22511 22544
2320 22544
2320 2122
22506 2122
22506 22543
2333 22543
2333 2123
22487 2123
22487 22541
2347 22541
2347 2147
22478 2147
22478 22528
2349 22528
2349 2150
22472 2150
22472 22526
2350 22526
2350 2155
22464 2155
22464 22524
2351 22524
2351 2160
22460 2160
22460 22523
2370 22523
2370 2162
22459 2162
22459 22515
2380 22515
2380 2163
22456 2163
22456 22505
2384 22505
2384 2173
22450 2173
22450 22478
2388 22478
2388 2181
22445 2181
22445 22477
2396 22477
2396 2184
22440 2184
22440 22466
2398 22466
2398 2189
22436 2189
22436 22443
2403 22443
2403 2198
22429 2198
22429 22439
2408 22439
2408 2199
22427 2199
22427 22437
2412 22437
2412 2200
22417 2200
22417 22432
2415 22432
2415 2202
22407 2202
22407 22431
2417 22431
2417 2204
22400 2204
22400 22430
2419 22430
2419 2207
22396 2207
22396 22423
2431 22423
2431 2213
22381 2213
22381 22415
2435 22415
2435 2214
22366 2214
22366 22404
2437 22404
2437 2215
22365 2215
22365 22400
2439 22400
2439 2229
22344 2229
22344 22392
2444 22392
2444 2234
22341 2234
22341 22386
2446 22386
2446 2265
22339 2265
22339 22381
2450 22381
2450 2273
22336 2273
22336 22380
2459 22380
2459 2276
22332 2276
22332 22365
2462 22365
2462 2278
22322 2278
22322 22336
2463 22336
2463 2283
22317 2283
22317 22334
2467 22334
2467 2288
22313 2288
22313 22326
2469 22326
2469 2293
22306 2293
22306 22324
2471 22324
2471 2294
22300 2294
22300 22313
2472 22313
2472 2300
22298 2300
22298 22309
2474 22309
2474 2304
22290 2304
22290 22302
2475 22302
2475 2305
22288 2305
22288 22297
2492 22297
2492 2316
22287 2316
22287 22296
2494 22296
2494 2324
22264 2324
22264 22289
2495 22289
2495 2328
22261 2328
22261 22283
2507 22283
2507 2330
22244 2330
22244 22282
2510 22282
2510 2331
22241 2331
22241 22278
2516 22278
2516 2336
22235 2336
22235 22276
2523 22276
2523 2346
22234 2346
22234 22274
2526 22274
2526 2353
22213 2353
22213 22271
2527 22271
2527 2361
22211 2361
22211 22247
2531 22247
2531 2365
22209 2365
22209 22246
2539 22246
2539 2368
22203 2368
22203 22241
2542 22241
2542 2370
22199 2370
22199 22239
2549 22239
2549 2382
22198 2382
22198 22238
2551 22238
2551 2398
22187 2398
22187 22236
2557 22236
2557 2400
22185 2400
22185 22230
2564 22230
2564 2402
22184 2402
22184 22226
2578 22226
2578 2405
22183 2405
22183 22221
2587 22221
2587 2416
22179 2416
22179 22217
2593 22217
2593 2417
22170 2417
22170 22211
2596 22211
2596 2418
22167 2418
22167 22208
2603 22208
2603 2424
22161 2424
22161 22201
2604 22201
2604 2430
22158 2430
22158 22195
2611 22195
2611 2439
22140 2439
22140 22181
2627 22181
2627 2442
22133 2442
22133 22177
2630 22177
2630 2446
22131 2446
22131 22175
2634 22175
2634 2448
22128 2448
22128 22170
2639 22170
2639 2449
22127 2449
22127 22164
2644 22164
2644 2469
22126 2469
22126 22163
2652 22163
2652 2473
22123 2473
22123 22156
2664 22156
2664 2474
22115 2474
22115 22150
2668 22150
2668 2482
22113 2482
22113 22140
2669 22140
2669 2483
22088 2483
22088 22134
2671 22134
2671 2492
22086 2492
22086 22133
2682 22133
2682 2494
22085 2494
22085 22126
2688 22126
2688 2500
22079 2500
22079 22123
2689 22123
2689 2519
22072 2519
22072 22122
2694 22122
2694 2534
22051 2534
22051 22116
2696 22116
2696 2535
22041 2535
22041 22089
2697 22089
2697 2537
22025 2537
22025 22088
2721 22088
2721 2539
22024 2539
22024 22082
2722 22082
2722 2542
22015 2542
22015 22068
2742 22068
2742 2549
22004 2549
22004 22067
2760 22067
2760 2559
22000 2559
22000 22065
2768 22065
2768 2560
21987 2560
21987 22058
2769 22058
2769 2562
21983 2562
21983 22050
2774 22050
2774 2564
21972 2564
21972 22042
2800 22042
2800 2568
21970 2568
21970 22036
2820 22036
2820 2580
21964 2580
21964 22034
2826 22034
2826 2589
21954 2589
21954 22030
2828 22030
2828 2596
21934 2596
21934 22028
2831 22028
2831 2597
21929 2597
21929 22011
2835 22011
2835 2601
21928 2601
21928 21966
2843 21966
2843 2618
21915 2618
21915 21965
2845 21965
2845 2622
21912 2622
21912 21952
2849 21952
2849 2623
21909 2623
21909 21950
2850 21950
2850 2644
21906 2644
21906 21947
2851 21947
2851 2660
21899 2660
21899 21945
2852 21945
2852 2666
21892 2666
21892 21937
2853 21937
2853 2667
21884 2667
21884 21933
2856 21933
2856 2669
21877 2669
21877 21930
2868 21930
2868 2672
21853 2672
21853 21916
2870 21916
2870 2674
21848 2674
21848 21913
2877 21913
2877 2680
21844 2680
21844 21911
2878 21911
2878 2687
21843 2687
21843 21906
2888 21906
2888 2689
21838 2689
21838 21892
2893 21892
2893 2700
21837 2700
21837 21889
2895 21889
2895 2710
21827 2710
21827 21883
2901 21883
2901 2711
21820 2711
21820 21879
2902 21879
2902 2713
21804 2713
21804 21864
2907 21864
2907 2719
21794 2719
21794 21863
2908 21863
2908 2722
21788 2722
21788 21861
2909 21861
2909 2729
21774 2729
21774 21855
2911 21855
2911 2734
21773 2734
21773 21846
2919 21846
2919 2737
21760 2737
21760 21842
2939 21842
2939 2751
21754 2751
21754 21840
2945 21840
2945 2753
21751 2753
21751 21830
2948 21830
2948 2758
21749 2758
21749 21821
2953 21821
2953 2765
21747 2765
21747 21811
2967 21811
2967 2768
21744 2768
21744 21772
2969 21772
2969 2777
21738 2777
21738 21765
2975 21765
2975 2785
21725 2785
21725 21763
2978 21763
2978 2788
21722 2788
21722 21746
2980 21746
2980 2789
21721 2789
21721 21740
2981 21740
2981 2795
21693 2795
21693 21726
2982 21726
2982 2800
21679 2800
21679 21711
2985 21711
2985 2809
21674 2809
21674 21702
2994 21702
2994 2810
21633 2810
21633 21700
2996 21700
2996 2812
21628 2812
21628 21692
3000 21692
3000 2816
21624 2816
21624 21683
3003 21683
3003 2817
21615 2817
21615 21671
3007 21671
3007 2834
21609 2834
21609 21667
3013 21667
3013 2856
21608 2856
21608 21666
3014 21666
3014 2858
21605 2858
21605 21661
3032 21661
3032 2861
21594 2861
21594 21653
3038 21653
3038 2864
21592 2864
21592 21647
3046 21647
3046 2880
21591 2880
21591 21643
3047 21643
3047 2917
21587 2917
21587 21641
3048 21641
3048 2929
21584 2929
21584 21635
3054 21635
3054 2930
21581 2930
21581 21629
3059 21629
3059 2933
21578 2933
21578 21614
3061 21614
3061 2934
21568 2934
21568 21610
3067 21610
3067 2952
21560 2952
21560 21609
3069 21609
3069 2966
21539 2966
21539 21600
3075 21600
3075 2977
21538 2977
21538 21597
3076 21597
3076 2978
21534 2978
21534 21592
3108 21592
3108 2979
21517 2979
21517 21589
3124 21589
3124 2982
21511 2982
21511 21586
3130 21586
3130 2984
21481 2984
21481 21576
3131 21576
3131 2986
21473 2986
21473 21575
3137 21575
3137 3007
21467 3007
21467 21567
3142 21567
3142 3011
21460 3011
21460 21551
3144 21551
3144 3015
21458 3015
21458 21535
3154 21535
3154 3022
21450 3022
21450 21529
3157 21529
3157 3028
21445 3028
21445 21525
3160 21525
3160 3030
21444 3030
21444 21524
3165 21524
3165 3036
21442 3036
21442 21520
3167 21520
3167 3056
21438 3056
21438 21518
3184 21518
3184 3072
21429 3072
21429 21505
3186 21505
3186 3093
21427 3093
21427 21503
3189 21503
3189 3099
21423 3099
21423 21495
3194 21495
3194 3108
21420 3108
21420 21490
3225 21490
3225 3111
21416 3111
21416 21473
3229 21473
3229 3118
21415 3118
21415 21470
3230 21470
3230 3127
21411 3127
21411 21467
3242 21467
3242 3130
21410 3130
21410 21465
3244 21465
3244 3131
21405 3131
21405 21461
3249 21461
3249 3137
21404 3137
21404 21460
3252 21460
3252 3151
21389 3151
21389 21451
3255 21451
3255 3157
21387 3157
21387 21435
3260 21435
3260 3172
21384 3172
21384 21434
3267 21434
3267 3190
21382 3190
21382 21430
3272 21430
3272 3199
21380 3199
21380 21415
3274 21415
3274 3203
21373 3203
21373 21395
3283 21395
3283 3222
21356 3222
21356 21386
3287 21386
3287 3225
21355 3225
21355 21377
3289 21377
3289 3226
21353 3226
21353 21376
3294 21376
3294 3241
21352 3241
21352 21367
3304 21367
3304 3249
21351 3249
21351 21366
3310 21366
3310 3251
21349 3251
21349 21356
3317 21356
3317 3293
21348 3293
21348 21355
3327 21355
3327 3299
21344 3299
21344 21339
3331 21339
3331 3304
21341 3304
21341 21332
3344 21332
3344 3308
21332 3308
21332 21323
3348 21323
3348 3312
21330 3312
21330 21316
3353 21316
3353 3326
21323 3326
21323 21308
3359 21308
3359 3329
21310 3329
21310 21307
3360 21307
3360 3331
21307 3331
21307 21304
3378 21304
3378 3334
21299 3334
21299 21302
3394 21302
3394 3336
21287 3336
21287 21301
3399 21301
3399 3338
21277 3338
21277 21294
3400 21294
3400 3342
21275 3342
21275 21287
3419 21287
3419 3360
21262 3360
21262 21285
3420 21285
3420 3364
21255 3364
21255 21281
3424 21281
3424 3365
21248 3365
21248 21271
3425 21271
3425 3367
21240 3367
21240 21255
3429 21255
3429 3368
21234 3368
21234 21246
3430 21246
3430 3377
21232 3377
21232 21245
3434 21245
3434 3393
21221 3393
21221 21243
3435 21243
3435 3396
21212 3396
21212 21240
3437 21240
3437 3399
21206 3399
21206 21237
3441 21237
3441 3408
21198 3408
21198 21232
3451 21232
3451 3422
21184 3422
21184 21231
3461 21231
3461 3427
21167 3427
21167 21230
3467 21230
3467 3428
21161 3428
21161 21228
3472 21228
3472 3445
21160 3445
21160 21224
3480 21224
3480 3452
21158 3452
21158 21213
3482 21213
3482 3455
21154 3455
21154 21203
3489 21203
3489 3461
21152 3461
21152 21196
3491 21196
3491 3472
21150 3472
21150 21193
3494 21193
3494 3481
21141 3481
21141 21169
3510 21169
3510 3483
21138 3483
21138 21167
3513 21167
3513 3494
21135 3494
21135 21153
3514 21153
3514 3497
21128 3497
21128 21151
3518 21151
3518 3498
21123 3498
21123 21150
3530 21150
3530 3501
21121 3501
21121 21123
3542 21123
3542 3511
21117 3511
21117 21121
3550 21121
3550 3520
21110 3520
21110 21108
3556 21108
3556 3531
21109 3531
21109 21073
3562 21073
3562 3532
21099 3532
21099 21072
3565 21072
3565 3554
21097 3554
21097 21059
3582 21059
3582 3557
21087 3557
21087 21051
3584 21051
3584 3569
21075 3569
21075 21042
3590 21042
3590 3587
21071 3587
21071 21041
3598 21041
3598 3593
21066 3593
21066 21038
3607 21038
3607 3597
21046 3597
21046 21034
3609 21034
3609 3600
21043 3600
21043 21029
3628 21029
3628 3620
21041 3620
21041 21020
3634 21020
3634 3622
21038 3622
21038 21010
3644 21010
3644 3623
21030 3623
21030 21005
3670 21005
3670 3639
21026 3639
21026 21002
3678 21002
3678 3656
21021 3656
21021 21000
3679 21000
3679 3657
21020 3657
21020 20993
3685 20993
3685 3662
21015 3662
21015 20980
3694 20980
3694 3669
21014 3669
21014 20961
3727 20961
3727 3683
21013 3683
21013 20950
3728 20950
3728 3690
21004 3690
21004 20935
3731 20935
3731 3692
20994 3692
20994 20930
3742 20930
3742 3704
20987 3704
20987 20919
3747 20919
3747 3707
20984 3707
20984 20917
3749 20917
3749 3709
20980 3709
20980 20916
3759 20916
3759 3724
20975 3724
20975 20912
3761 20912
3761 3726
20968 3726
20968 20900
3774 20900
3774 3728
20958 3728
20958 20893
3777 20893
3777 3736
20957 3736
20957 20882
3783 20882
3783 3738
20945 3738
20945 20879
3785 20879
3785 3743
20926 3743
20926 20876
3786 20876
3786 3744
20917 3744
20917 20874
3792 20874
3792 3746
20915 3746
20915 20843
3798 20843
3798 3753
20906 3753
20906 20842
3817 20842
3817 3761
20900 3761
20900 20835
3821 20835
3821 3762
20898 3762
20898 20830
3823 20830
3823 3771
20891 3771
20891 20822
3824 20822
3824 3790
20885 3790
20885 20794
3848 20794
3848 3793
20866 3793
20866 20792
3857 20792
3857 3796
20862 3796
20862 20776
3865 20776
3865 3811
20861 3811
20861 20775
3872 20775
3872 3819
20860 3819
20860 20773
3880 20773
3880 3824
20855 3824
20855 20766
3886 20766
3886 3825
20850 3825
20850 20748
3890 20748
3890 3826
20849 3826
20849 20744
3892 20744
3892 3827
20848 3827
20848 20712
3898 20712
3898 3834
20845 3834
20845 20708
3905 20708
3905 3839
20844 3839
20844 20688
3914 20688
3914 3843
20831 3843
20831 20668
3919 20668
3919 3849
20822 3849
20822 20661
3925 20661
3925 3860
20807 3860
20807 20660
3943 20660
3943 3864
20790 3864
20790 20657
3968 20657
3968 3867
20786 3867
20786 20651
3970 20651
3970 3872
20771 3872
20771 20649
3972 20649
3972 3874
20769 3874
20769 20644
3978 20644
3978 3878
20764 3878
20764 20630
3988 20630
3988 3894
20746 3894
20746 20623
3991 20623
3991 3895
20744 3895
20744 20621
3994 20621
3994 3897
20737 3897
20737 20613
4012 20613
4012 3911
20733 3911
20733 20611
4025 20611
4025 3919
20725 3919
20725 20606
4027 20606
4027 3921
20716 3921
20716 20599
4037 20599
4037 3927
20703 3927
20703 20595
4045 20595
4045 3928
20700 3928
20700 20593
4047 20593
4047 3932
20693 3932
20693 20586
4048 20586
4048 3935
20691 3935
20691 20578
4059 20578
4059 3937
20680 3937
20680 20556
4063 20556
4063 3942
20679 3942
20679 20536
4067 20536
4067 3952
20640 3952
20640 20531
4069 20531
4069 3960
20633 3960
20633 20529
4085 20529
4085 3963
20629 3963
20629 20524
4089 20524
4089 3971
20628 3971
20628 20516
4104 20516
4104 3973
20607 3973
20607 20507
4105 20507
4105 3976
20599 3976
20599 20503
4114 20503
4114 3984
20597 3984
20597 20475
4127 20475
4127 3985
20583 3985
20583 20471
4128 20471
4128 3986
20581 3986
20581 20465
4132 20465
4132 3995
20580 3995
20580 20457
4134 20457
4134 4019
20578 4019
20578 20448
4144 20448
4144 4028
20565 4028
20565 20447
4153 20447
4153 4034
20563 4034
20563 20444
4171 20444
4171 4044
20538 4044
20538 20441
4172 20441
4172 4045
20531 4045
20531 20434
4174 20434
4174 4046
20530 4046
20530 20417
4176 20417
4176 4056
20526 4056
20526 20416
4177 20416
4177 4059
20520 4059
20520 20412
4192 20412
4192 4061
20507 4061
20507 20408
4213 20408
4213 4068
20497 4068
20497 20394
4216 20394
4216 4076
20494 4076
20494 20390
4237 20390
4237 4078
20487 4078
20487 20389
4239 20389
4239 4087
20486 4087
20486 20387
4240 20387
4240 4090
20477 4090
20477 20385
4246 20385
4246 4092
20473 4092
20473 20384
4247 20384
4247 4101
20468 4101
20468 20381
4257 20381
4257 4105
20467 4105
20467 20379
4262 20379
4262 4115
20457 4115
20457 20371
4268 20371
4268 4139
20456 4139
20456 20367
4271 20367
4271 4145
20453 4145
20453 20365
4277 20365
4277 4152
20446 4152
20446 20339
4280 20339
4280 4162
20443 4162
20443 20338
4295 20338
4295 4165
20441 4165
20441 20332
4296 20332
4296 4178
20435 4178
20435 20322
4297 20322
4297 4181
20431 4181
20431 20309
4300 20309
4300 4189
20427 4189
20427 20307
4308 20307
4308 4193
20424 4193
20424 20301
4318 20301
4318 4198
20412 4198
20412 20295
4319 20295
4319 4204
20411 4204
20411 20294
4365 20294
4365 4211
20385 4211
20385 20275
4368 20275
4368 4213
20384 4213
20384 20266
4376 20266
4376 4214
20378 4214
20378 20259
4389 20259
4389 4233
20367 4233
20367 20257
4390 20257
4390 4234
20360 4234
20360 20226
4391 20226
4391 4235
20341 4235
20341 20222
4398 20222
4398 4238
20335 4238
20335 20201
4399 20201
4399 4245
20331 4245
20331 20196
4418 20196
4418 4247
20322 4247
20322 20192
4428 20192
4428 4250
20317 4250
20317 20165
4439 20165
4439 4258
20310 4258
20310 20128
4440 20128
4440 4270
20307 4270
20307 20117
4455 20117
4455 4283
20306 4283
20306 20107
4467 20107
4467 4287
20293 4287
20293 20097
4478 20097
4478 4296
20292 4296
20292 20091
4496 20091
4496 4306
20283 4306
20283 20090
4508 20090
4508 4309
20265 4309
20265 20080
4509 20080
4509 4312
20264 4312
20264 20078
4529 20078
4529 4313
20259 4313
20259 20075
4531 20075
4531 4314
20244 4314
20244 20069
4539 20069
4539 4316
20222 4316
20222 20067
4541 20067
4541 4317
20213 4317
20213 20048
4563 20048
4563 4326
20212 4326
20212 20047
4576 20047
4576 4354
20175 4354
20175 20033
4577 20033
4577 4365
20151 4365
20151 20024
4580 20024
4580 4366
20131 4366
20131 20021
4581 20021
4581 4369
20125 4369
20125 20020
4582 20020
4582 4370
20109 4370
20109 20014
4604 20014
4604 4379
20103 4379
20103 20012
4611 20012
4611 4389
20099 4389
20099 19983
4613 19983
4613 4396
20086 4396
20086 19979
4625 19979
4625 4397
20082 4397
20082 19965
4631 19965
4631 4401
20066 4401
20066 19963
4642 19963
4642 4406
20062 4406
20062 19957
4648 19957
4648 4421
20046 4421
20046 19947
4670 19947
4670 4426
20032 4426
20032 19944
4673 19944
4673 4436
20021 4436
20021 19942
4677 19942
4677 4448
20014 4448
20014 19937
4703 19937
4703 4455
20013 4455
20013 19932
4706 19932
4706 4461
20007 4461
20007 19919
4713 19919
4713 4492
19972 4492
19972 19905
4722 19905
4722 4505
19959 4505
19959 19904
4733 19904
4733 4516
19951 4516
19951 19894
4751 19894
4751 4524
19947 4524
19947 19893
4757 19893
4757 4528
19943 4528
19943 19885
4760 19885
4760 4548
19940 4548
19940 19878
4771 19878
4771 4555
19933 4555
19933 19876
4777 19876
4777 4568
19928 4568
19928 19868
4790 19868
4790 4584
19927 4584
19927 19866
4806 19866
4806 4585
19922 4585
19922 19848
4810 19848
4810 4587
19911 4587
19911 19823
4811 19823
4811 4609
19908 4609
19908 19819
4841 19819
4841 4616
19907 4616
19907 19793
4842 19793
4842 4645
19900 4645
19900 19788
4845 19788
4845 4665
19898 4665
19898 19786
4848 19786
4848 4683
19880 4683
19880 19778
4862 19778
4862 4692
19870 4692
19870 19775
4863 19775
4863 4694
19868 4694
19868 19770
4874 19770
4874 4696
19858 4696
19858 19744
4879 19744
4879 4706
19849 4706
19849 19741
4885 19741
4885 4707
19839 4707
19839 19737
4894 19737
4894 4710
19828 4710
19828 19732
4903 19732
4903 4730
19827 4730
19827 19730
4904 19730
4904 4735
19826 4735
19826 19722
4910 19722
4910 4746
19821 4746
19821 19721
4914 19721
4914 4753
19810 4753
19810 19685
4917 19685
4917 4759
19805 4759
19805 19675
4935 19675
4935 4776
19804 4776
19804 19666
4957 19666
4957 4795
19760 4795
19760 19658
4958 19658
4958 4814
19738 4814
19738 19654
4960 19654
4960 4819
19736 4819
19736 19648
4980 19648
4980 4820
19729 4820
19729 19642
4982 19642
4982 4839
19726 4839
19726 19640
4986 19640
4986 4846
19719 4846
19719 19625
4994 19625
4994 4886
19706 4886
19706 19623
4995 19623
4995 4890
19700 4890
19700 19611
5016 19611
5016 4894
19697 4894
19697 19610
5029 19610
5029 4913
19691 4913
19691 19601
5031 19601
5031 4916
19675 4916
19675 19570
5039 19570
5039 4930
19659 4930
19659 19569
5044 19569
5044 4931
19656 4931
19656 19566
5059 19566
5059 4939
19655 4939
19655 19563
5062 19563
5062 4949
19654 4949
19654 19554
5068 19554
5068 4950
19639 4950
19639 19541
5074 19541
5074 4971
19619 4971
19619 19540
5090 19540
5090 4972
19598 4972
19598 19534
5091 19534
5091 4978
19594 4978
19594 19524
5100 19524
5100 4979
19592 4979
19592 19517
5113 19517
5113 4985
19564 4985
19564 19490
5122 19490
5122 4990
19551 4990
19551 19484
5132 19484
5132 5027
19530 5027
19530 19453
5141 19453
5141 5030
19528 5030
19528 19450
5142 19450
5142 5032
19523 5032
19523 19449
5151 19449
5151 5033
19522 5033
19522 19442
5154 19442
5154 5037
19514 5037
19514 19437
5157 19437
5157 5038
19511 5038
19511 19431
5161 19431
5161 5055
19508 5055
19508 19419
5186 19419
5186 5065
19504 5065
19504 19415
5187 19415
5187 5078
19500 5078
19500 19400
5198 19400
5198 5087
19490 5087
19490 19390
5200 19390
5200 5102
19483 5102
19483 19387
5208 19387
5208 5107
19481 5107
19481 19384
5219 19384
5219 5112
19480 5112
19480 19379
5225 19379
5225 5114
19470 5114
19470 19353
5258 19353
5258 5115
19462 5115
19462 19342
5261 19342
5261 5116
19460 5116
19460 19325
5262 19325
5262 5152
19410 5152
19410 19319
5271 19319
5271 5156
19403 5156
19403 19309
5276 19309
5276 5160
19397 5160
19397 19289
5281 19289
5281 5168
19389 5168
19389 19286
5288 19286
5288 5174
19382 5174
19382 19285
5291 19285
5291 5187
19378 5187
19378 19283
5300 19283
5300 5192
19375 5192
19375 19269
5343 19269
5343 5200
19360 5200
19360 19265
5347 19265
5347 5202
19358 5202
19358 19264
5365 19264
5365 5207
19348 5207
19348 19262
5401 19262
5401 5210
19335 5210
19335 19258
5408 19258
5408 5220
19329 5220
19329 19248
5421 19248
5421 5225
19323 5225
19323 19246
5422 19246
5422 5229
19310 5229
19310 19236
5454 19236
5454 5231
19301 5231
19301 19228
5455 19228
5455 5235
19300 5235
19300 19223
5459 19223
5459 5248
19295 5248
19295 19221
5481 19221
5481 5255
19285 5255
19285 19220
5485 19220
5485 5269
19283 5269
19283 19218
5516 19218
5516 5270
19263 5270
19263 19208
5524 19208
5524 5281
19262 5281
19262 19194
5528 19194
5528 5287
19250 5287
19250 19189
5543 19189
5543 5302
19239 5302
19239 19183
5548 19183
5548 5304
19228 5304
19228 19182
5564 19182
5564 5305
19197 5305
19197 19173
5565 19173
5565 5310
19193 5310
19193 19166
5577 19166
5577 5311
19189 5311
19189 19164
5578 19164
5578 5323
19165 5323
19165 19127
5602 19127
5602 5324
19160 5324
19160 19126
5607 19126
5607 5336
19159 5336
19159 19121
5612 19121
5612 5337
19151 5337
19151 19116
5625 19116
5625 5342
19132 5342
19132 19099
5629 19099
5629 5345
19131 5345
19131 19092
5633 19092
5633 5354
19129 5354
19129 19076
5636 19076
5636 5363
19127 5363
19127 19066
5638 19066
5638 5395
19123 5395
19123 19057
5652 19057
5652 5419
19121 5419
19121 19021
5654 19021
5654 5421
19105 5421
19105 19013
5660 19013
5660 5424
19103 5424
19103 19011
5669 19011
5669 5436
19098 5436
19098 19002
5683 19002
5683 5460
19093 5460
19093 18989
5684 18989
5684 5472
19092 5472
19092 18981
5702 18981
5702 5485
19090 5485
19090 18975
5711 18975
5711 5492
19087 5492
19087 18971
5715 18971
5715 5493
19073 5493
19073 18962
5718 18962
5718 5495
19061 5495
19061 18953
5741 18953
5741 5501
19055 5501
19055 18951
5747 18951
5747 5532
19024 5532
19024 18937
5755 18937
5755 5536
19013 5536
19013 18922
5756 18922
5756 5540
19001 5540
19001 18913
5757 18913
5757 5559
19000 5559
19000 18908
5775 18908
5775 5562
18997 5562
18997 18901
5785 18901
5785 5585
18990 5585
18990 18899
5801 18899
5801 5594
18988 5594
18988 18895
5811 18895
5811 5617
18986 5617
18986 18885
5833 18885
5833 5618
18975 5618
18975 18882
5845 18882
5845 5625
18957 5625
18957 18877
5848 18877
5848 5640
18928 5640
18928 18843
5865 18843
5865 5645
18920 5645
18920 18841
5869 18841
5869 5649
18899 5649
18899 18821
5874 18821
5874 5655
18863 5655
18863 18818
5883 18818
5883 5659
18843 5659
18843 18812
5903 18812
5903 5665
18831 5665
18831 18808
5922 18808
5922 5666
18825 5666
18825 18807
5933 18807
5933 5671
18816 5671
18816 18781
5938 18781
5938 5685
18811 5685
18811 18773
5952 18773
5952 5696
18809 5696
18809 18765
5955 18765
5955 5704
18799 5704
18799 18757
5970 18757
5970 5706
18789 5706
18789 18740
5975 18740
5975 5707
18787 5707
18787 18737
5985 18737
5985 5716
18781 5716
18781 18736
5996 18736
5996 5739
18777 5739
18777 18727
6001 18727
6001 5759
18769 5759
18769 18707
6004 18707
6004 5770
18762 5770
18762 18700
6012 18700
6012 5777
18756 5777
18756 18691
6017 18691
6017 5786
18747 5786
18747 18690
6018 18690
6018 5800
18735 5800
18735 18684
6031 18684
6031 5801
18732 5801
18732 18676
6054 18676
6054 5804
18723 5804
18723 18656
6076 18656
6076 5806
18680 5806
18680 18654
6080 18654
6080 5809
18678 5809
18678 18633
6093 18633
6093 5813
18665 5813
18665 18631
6113 18631
6113 5833
18662 5833
18662 18629
6140 18629
6140 5848
18648 5848
18648 18627
6162 18627
6162 5863
18640 5863
18640 18623
6163 18623
6163 5866
18618 5866
18618 18612
6175 18612
6175 5873
18616 5873
18616 18611
6193 18611
6193 5882
18608 5882
18608 18608
6208 18608
6208 5885
18607 5885
18607 18606
6223 18606
6223 5888
18604 5888
18604 18592
6229 18592
6229 5890
18598 5890
18598 18591
6243 18591
6243 5908
18596 5908
18596 18579
6249 18579
6249 5955
18592 5955
18592 18576
6260 18576
6260 5957
18572 5957
18572 18567
6261 18567
6261 5980
18565 5980
18565 18561
6264 18561
6264 5992
18557 5992
18557 18539
6269 18539
6269 5993
18546 5993
18546 18532
6273 18532
6273 6002
18544 6002
18544 18494
6282 18494
6282 6016
18532 6016
18532 18479
6293 18479
6293 6025
18512 6025
18512 18478
6296 18478
6296 6026
18491 6026
18491 18464
6314 18464
6314 6035
18487 6035
18487 18452
6321 18452
6321 6048
18484 6048
18484 18442
6336 18442
6336 6054
18478 6054
18478 18441
6340 18441
6340 6066
18470 6066
18470 18434
6344 18434
6344 6069
18458 6069
18458 18416
6366 18416
6366 6076
18440 6076
18440 18412
6369 18412
6369 6092
18426 6092
18426 18406
6377 18406
6377 6101
18418 6101
18418 18390
6404 18390
6404 6106
18413 6106
18413 18372
6408 18372
6408 6113
18399 6113
18399 18361
6422 18361
6422 6124
18388 6124
18388 18354
6435 18354
6435 6145
18386 6145
18386 18353
6436 18353
6436 6180
18367 6180
18367 18313
6451 18313
6451 6184
18364 6184
18364 18276
6474 18276
6474 6185
18356 6185
18356 18264
6481 18264
6481 6205
18355 6205
18355 18249
6486 18249
6486 6206
18344 6206
18344 18233
6487 18233
6487 6213
18338 6213
18338 18220
6493 18220
6493 6220
18302 6220
18302 18217
6500 18217
6500 6237
18287 6237
18287 18215
6504 18215
6504 6239
18271 6239
18271 18200
6506 18200
6506 6241
18270 6241
18270 18193
6510 18193
6510 6243
18258 6243
18258 18174
6511 18174
6511 6252
18254 6252
18254 18165
6532 18165
6532 6254
18253 6254
18253 18158
6538 18158
6538 6261
18250 6261
18250 18150
6549 18150
6549 6271
18234 6271
18234 18130
6566 18130
6566 6284
18231 6284
18231 18126
6570 18126
6570 6303
18230 6303
18230 18099
6571 18099
6571 6304
18227 6304
18227 18094
6588 18094
6588 6307
18219 6307
18219 18083
6605 18083
6605 6309
18211 6309
18211 18030
6607 18030
6607 6314
18205 6314
18205 18023
6618 18023
6618 6335
18175 6335
18175 18002
6646 18002
6646 6339
18170 6339
18170 17998
6677 17998
6677 6343
18164 6343
18164 17983
6695 17983
6695 6359
18160 6359
18160 17973
6700 17973
6700 6360
18144 6360
18144 17970
6703 17970
6703 6382
18107 6382
18107 17939
6765 17939
6765 6389
18106 6389
18106 17929
6773 17929
6773 6406
18100 6406
18100 17916
6779 17916
6779 6409
18085 6409
18085 17910
6784 17910
6784 6418
18083 6418
18083 17893
6787 17893
6787 6426
18045 6426
18045 17888
6821 17888
6821 6437
18042 6437
18042 17881
6864 17881
6864 6441
18040 6441
18040 17875
6887 17875
6887 6467
18038 6467
18038 17871
6893 17871
6893 6470
18016 6470
18016 17855
6897 17855
6897 6472
18015 6472
18015 17852
6899 17852
6899 6473
17976 6473
17976 17848
6908 17848
6908 6493
17974 6493
17974 17837
6913 17837
6913 6496
17973 6496
17973 17829
6918 17829
6918 6514
17931 6514
17931 17820
6919 17820
6919 6525
17919 6525
17919 17814
6929 17814
6929 6541
17915 6541
17915 17808
6932 17808
6932 6550
17912 6550
17912 17800
6938 17800
6938 6570
17901 6570
17901 17776
6940 17776
6940 6571
17882 6571
17882 17775
6965 17775
6965 6575
17877 6575
17877 17742
6970 17742
6970 6576
17871 6576
17871 17721
6980 17721
6980 6578
17870 6578
17870 17704
6993 17704
6993 6582
17869 6582
17869 17696
7026 17696
7026 6638
17860 6638
17860 17695
7036 17695
7036 6648
17858 6648
17858 17694
7076 17694
7076 6664
17846 6664
17846 17693
7081 17693
7081 6686
17803 6686
17803 17684
7086 17684
7086 6687
17798 6687
17798 17673
7093 17673
7093 6711
17797 6711
17797 17672
7098 17672
7098 6714
17795 6714
17795 17668
7102 17668
7102 6730
17794 6730
17794 17655
7103 17655
7103 6739
17776 6739
17776 17639
7105 17639
7105 6746
17775 6746
17775 17637
7143 17637
7143 6753
17774 6753
17774 17633
7148 17633
7148 6755
17760 6755
17760 17631
7164 17631
7164 6763
17756 6763
17756 17624
7167 17624
7167 6785
17726 6785
17726 17622
7179 17622
7179 6792
17724 6792
17724 17610
7185 17610
7185 6795
17710 6795
17710 17608
7213 17608
7213 6805
17691 6805
17691 17581
7217 17581
7217 6807
17689 6807
17689 17577
7230 17577
7230 6843
17682 6843
17682 17567
7238 17567
7238 6848
17681 6848
17681 17522
7241 17522
7241 6857
17669 6857
17669 17519
7244 17519
7244 6868
17646 6868
17646 17515
7273 17515
7273 6891
17628 6891
17628 17496
7282 17496
7282 6894
17623 6894
17623 17494
7303 17494
7303 6911
17605 6911
17605 17489
7309 17489
7309 6934
17586 6934
17586 17473
7313 17473
7313 6948
17576 6948
17576 17465
7326 17465
7326 6977
17569 6977
17569 17464
7339 17464
7339 6983
17565 6983
17565 17448
7365 17448
7365 6991
17559 6991
17559 17446
7388 17446
7388 7026
17552 7026
17552 17437
7391 17437
7391 7033
17537 7033
17537 17415
7394 17415
7394 7036
17525 7036
17525 17413
7401 17413
7401 7038
17513 7038
17513 17387
7419 17387
7419 7041
17505 7041
17505 17369
7428 17369
7428 7050
17501 7050
17501 17366
7435 17366
7435 7074
17484 7074
17484 17363
7444 17363
7444 7076
17474 7076
17474 17331
7461 17331
7461 7083
17466 7083
17466 17310
7530 17310
7530 7086
17452 7086
17452 17304
7545 17304
7545 7105
17451 7105
17451 17288
7549 17288
7549 7115
17448 7115
17448 17276
7552 17276
7552 7120
17444 7120
17444 17256
7559 17256
7559 7122
17434 7122
17434 17237
7569 17237
7569 7128
17430 7128
17430 17231
7579 17231
7579 7136
17427 7136
17427 17222
7586 17222
7586 7138
17409 7138
17409 17209
7603 17209
7603 7177
17395 7177
17395 17202
7620 17202
7620 7184
17378 7184
17378 17187
7623 17187
7623 7200
17338 7200
17338 17185
7658 17185
7658 7208
17310 7208
17310 17166
7668 17166
7668 7213
17299 7213
17299 17165
7695 17165
7695 7219
17281 7219
17281 17164
7750 17164
7750 7257
17272 7257
17272 17161
7768 17161
7768 7280
17260 7280
17260 17153
7777 17153
7777 7288
17213 7288
17213 17140
7791 17140
7791 7294
17208 7294
17208 17125
7843 17125
7843 7296
17206 7296
17206 17073
7846 17073
7846 7302
17197 7302
17197 17067
7853 17067
7853 7311
17195 7311
17195 17065
7859 17065
7859 7326
17176 7326
17176 17055
7889 17055
7889 7334
17170 7334
17170 17045
7900 17045
7900 7336
17169 7336
17169 17036
7916 17036
7916 7382
17163 7382
17163 17030
7921 17030
7921 7404
17154 7404
17154 16995
7949 16995
7949 7464
17149 7464
17149 16982
7958 16982
7958 7471
17140 7471
17140 16957
8012 16957
8012 7530
17136 7530
17136 16949
8028 16949
8028 7553
17123 7553
17123 16940
8030 16940
8030 7559
17114 7559
17114 16916
8073 16916
8073 7565
17099 7565
17099 16851
8083 16851
8083 7585
17085 7585
17085 16838
8084 16838
8084 7588
17069 7588
17069 16837
8093 16837
8093 7595
17061 7595
17061 16813
8108 16813
8108 7601
17058 7601
17058 16805
8110 16805
8110 7614
17036 7614
17036 16801
8113 16801
8113 7621
17033 7621
17033 16800
8116 16800
8116 7636
17028 7636
17028 16769
8126 16769
8126 7639
17021 7639
17021 16757
8132 16757
8132 7659
17015 7659
17015 16732
8144 16732
8144 7660
17003 7660
17003 16730
8157 16730
8157 7674
17001 7674
17001 16727
8166 16727
8166 7685
16970 7685
16970 16692
8223 16692
8223 7693
16961 7693
16961 16684
8231 16684
8231 7726
16953 7726
16953 16675
8245 16675
8245 7727
16929 7727
16929 16669
8249 16669
8249 7734
16922 7734
16922 16650
8284 16650
8284 7755
16917 7755
16917 16649
8295 16649
8295 7762
16901 7762
16901 16616
8309 16616
8309 7774
16873 7774
16873 16610
8347 16610
8347 7780
16865 7780
16865 16591
8398 16591
8398 7881
16857 7881
16857 16551
8407 16551
8407 7906
16850 7906
16850 16542
8432 16542
8432 7927
16836 7927
16836 16538
8471 16538
8471 7932
16823 7932
16823 16523
8477 16523
8477 7978
16814 7978
16814 16515
8496 16515
8496 8021
16810 8021
16810 16510
8498 16510
8498 8037
16791 8037
16791 16508
8538 16508
8538 8038
16789 8038
16789 16505
8582 16505
8582 8044
16781 8044
16781 16496
8649 16496
8649 8055
16766 8055
16766 16477
8672 16477
8672 8078
16751 8078
16751 16474
8696 16474
8696 8081
16737 8081
16737 16473
8732 16473
8732 8083
16734 8083
16734 16454
8746 16454
8746 8086
16710 8086
16710 16425
8758 16425
8758 8123
16682 8123
16682 16414
8768 16414
8768 8126
16660 8126
16660 16392
8772 16392
8772 8137
16646 8137
16646 16385
8794 16385
8794 8138
16644 8138
16644 16373
8798 16373
8798 8183
16633 8183
16633 16371
8813 16371
8813 8193
16630 8193
16630 16360
8821 16360
8821 8213
16543 8213
16543 16331
8827 16331
8827 8227
16459 8227
16459 16311
8829 16311
8829 8235
16416 8235
16416 16306
8831 16306
8831 8282
16409 8282
16409 16293
8832 16293
8832 8333
16372 8333
16372 16260
8840 16260
8840 8344
16364 8344
16364 16225
8844 16225
8844 8346
16348 8346
16348 16178
8851 16178
8851 8351
16326 8351
16326 16146
8853 16146
8853 8374
16302 8374
16302 16118
8857 16118
8857 8394
16271 8394
16271 16117
8858 16117
8858 8400
16266 8400
16266 16107
8888 16107
8888 8402
16264 8402
16264 16096
8889 16096
8889 8407
16261 8407
16261 16084
8925 16084
8925 8434
16206 8434
16206 16074
8939 16074
8939 8448
16178 8448
16178 16072
8944 16072
8944 8471
16151 8471
16151 16026
8967 16026
8967 8478
16150 8478
16150 16013
8982 16013
8982 8495
16098 8495
16098 15989
9007 15989
9007 8511
16095 8511
16095 15936
9024 15936
9024 8516
16076 8516
16076 15931
9075 15931
9075 8540
16075 8540
16075 15926
9084 15926
9084 8543
16045 8543
16045 15877
9087 15877
9087 8569
16026 8569
16026 15833
9093 15833
9093 8576
16025 8576
16025 15803
9101 15803
9101 8617
16019 8617
16019 15799
9108 15799
9108 8621
16017 8621
16017 15782
9119 15782
9119 8623
15990 8623
15990 15761
9129 15761
9129 8625
15945 8625
15945 15731
9139 15731
9139 8629
15921 8629
15921 15728
9151 15728
9151 8637
15830 8637
15830 15725
9158 15725
9158 8643
15823 8643
15823 15680
9170 15680
9170 8725
15796 8725
15796 15657
9177 15657
9177 8748
15788 8748
15788 15649
9178 15649
9178 8753
15742 8753
15742 15637
9182 15637
9182 8765
15728 8765
15728 15629
9203 15629
9203 8793
15718 8793
15718 15621
9258 15621
9258 8796
15709 8796
15709 15619
9282 15619
9282 8821
15701 8821
15701 15614
9331 15614
9331 8842
15669 8842
15669 15600
9382 15600
9382 8847
15599 8847
15599 15573
9385 15573
9385 8868
15559 8868
15559 15542
9432 15542
9432 8874
15541 8874
15541 15532
9436 15532
9436 8894
15521 8894
15521 15525
9446 15525
9446 8900
15506 8900
15506 15515
9447 15515
9447 8913
15468 8913
15468 15482
9476 15482
9476 9067
15414 9067
15414 15474
9523 15474
9523 9094
15410 9094
15410 15467
9526 15467
9526 9134
15407 9134
15407 15397
9569 15397
9569 9167
15406 9167
15406 15351
9609 15351
9609 9173
15380 9173
15380 15259
9625 15259
9625 9237
15368 9237
15368 15200
9726 15200
9726 9250
15358 9250
15358 15165
9732 15165
9732 9279
15343 9279
15343 15163
9741 15163
9741 9280
15338 9280
15338 15136
9758 15136
9758 9282
15326 9282
15326 15125
9760 15125
9760 9332
15298 9332
15298 15086
9774 15086
9774 9358
15250 9358
15250 15069
9788 15069
9788 9371
15235 9371
15235 15029
9817 15029
9817 9383
15227 9383
15227 15011
9841 15011
9841 9402
15199 9402
15199 15006
9858 15006
9858 9417
15166 9417
15166 14992
9863 14992
9863 9433
15160 9433
15160 14975
9897 14975
9897 9435
15114 9435
15114 14959
9902 14959
9902 9493
15107 9493
15107 14954
9947 14954
9947 9497
15105 9497
15105 14953
9967 14953
9967 9506
15097 9506
15097 14948
9979 14948
9979 9550
15094 9550
15094 14896
9985 14896
9985 9563
15080 9563
15080 14885
10016 14885
10016 9578
15016 9578
15016 14866
10034 14866
10034 9606
15013 9606
15013 14852
10089 14852
10089 9614
14992 9614
14992 14837
10096 14837
10096 9631
14986 9631
14986 14832
10104 14832
10104 9646
14947 9646
14947 14825
10131 14825
10131 9687
14880 9687
14880 14815
10146 14815
10146 9692
14873 9692
14873 14784
10157 14784
10157 9703
14841 9703
14841 14714
10164 14714
10164 9738
14790 9738
14790 14682
10177 14682
10177 9756
14689 9756
14689 14676
10186 14676
10186 9775
14671 9775
14671 14617
10217 14617
10217 9791
14559 9791
14559 14584
10246 14584
10246 9797
14536 9797
14536 14525
10295 14525
10295 9799
14514 9799
14514 14442
10297 14442
10297 9801
14475 9801
14475 14407
10309 14407
10309 9829
14472 9829
14472 14362
10336 14362
10336 9841
14460 9841
14460 14356
10356 14356
10356 9850
14451 9850
14451 14276
10369 14276
10369 9851
14400 9851
14400 14238
10386 14238
10386 9867
14342 9867
14342 14214
10390 14214
10390 9904
14323 9904
14323 14192
10392 14192
10392 9926
14309 9926
14309 14168
10398 14168
10398 9957
14282 9957
14282 14151
10458 14151
10458 9973
14277 9973
14277 14116
10497 14116
10497 10041
14211 10041
14211 14093
10505 14093
10505 10048
14185 10048
14185 14091
10535 14091
10535 10063
14183 10063
14183 14089
10580 14089
10580 10089
14143 10089
14143 14055
10595 14055
10595 10102
14131 10102
14131 14033
10719 14033
10719 10127
14120 10127
14120 14029
10782 14029
10782 10129
14114 10129
14114 13996
10813 13996
10813 10158
14105 10158
14105 13994
10865 13994
10865 10168
14094 10168
14094 13973
10867 13973
10867 10184
14060 10184
14060 13919
10940 13919
10940 10189
14050 10189
14050 13860
10970 13860
10970 10200
13945 10200
13945 13840
11074 13840
11074 10240
13826 10240
13826 13835
11122 13835
11122 10345
13822 10345
13822 13823
11217 13823
11217 10374
13771 10374
13771 13753
11335 13753
11335 10465
13730 10465
13730 13748
11377 13748
11377 10539
13653 10539
13653 13744
11409 13744
11409 10552
13638 10552
13638 13695
11423 13695
11423 10636
13595 10636
13595 13638
11428 13638
11428 10663
13554 10663
13554 13618
11485 13618
11485 10670
13525 10670
13525 13506
11495 13506
11495 10687
13481 10687
13481 13352
11539 13352
11539 10743
13430 10743
13430 13275
11569 13275
11569 10749
13374 10749
13374 13200
11579 13200
11579 10782
13327 10782
13327 13176
11665 13176
11665 10806
13312 10806
13312 13085
11714 13085
11714 10894
13231 10894
13231 13078
11729 13078
11729 10910
13218 10910
13218 12952
11787 12952
11787 11013
13126 11013
13126 12914
11833 12914
11833 11025
13104 11025
13104 12834
11867 12834
11867 11046
13041 11046
13041 12707
12052 12707
12052 11348
12886 11348
12886 12672
12078 12672
12078 11442
12721 11442
12721 12613
12125 12613
12125 11462
12700 11462
12700 12470
12146 12470
12146 11523
12585 11523
12585 12429
12200 12429
12200 11589
12567 11589
12567 12014
12274 12014
12274 11663
12438 11663
12438 11821
12344 11821
12344 11732
